// Jest Snapshot v1, https://goo.gl/fbAQLP

exports[`Dropdown component Render component correctly 1`] = `
{
  "asFragment": [Function],
  "baseElement": <body>
    <div>
      <div
        tabindex="1"
      >
        <button
          class="rounded-lg disabled:cursor-not-allowed border border-gray-200 hover:bg-gray-100 dark:border-white w-full p-5 bg-zinc-50 dark:text-white dark:bg-neutral-900 dark:hover:bg-neutral-800 dark:hover:text-white flex justify-between items-center gap-2 outline outline-1 outline-zinc-300 text-zinc-400"
          type="button"
        >
          <span>
            Dropdown
          </span>
          <div
            class=""
          >
            <svg
              class="h-6 w-6 text-slate-500 transform duration-300 ease-in-out"
              fill="currentColor"
              height="1em"
              stroke="currentColor"
              stroke-width="0"
              viewBox="0 0 24 24"
              width="1em"
              xmlns="http://www.w3.org/2000/svg"
            >
              <path
                d="M5.22 8.22a.749.749 0 0 0 0 1.06l6.25 6.25a.749.749 0 0 0 1.06 0l6.25-6.25a.749.749 0 1 0-1.06-1.06L12 13.939 6.28 8.22a.749.749 0 0 0-1.06 0Z"
              />
            </svg>
          </div>
        </button>
      </div>
    </div>
  </body>,
  "container": <div>
    <div
      tabindex="1"
    >
      <button
        class="rounded-lg disabled:cursor-not-allowed border border-gray-200 hover:bg-gray-100 dark:border-white w-full p-5 bg-zinc-50 dark:text-white dark:bg-neutral-900 dark:hover:bg-neutral-800 dark:hover:text-white flex justify-between items-center gap-2 outline outline-1 outline-zinc-300 text-zinc-400"
        type="button"
      >
        <span>
          Dropdown
        </span>
        <div
          class=""
        >
          <svg
            class="h-6 w-6 text-slate-500 transform duration-300 ease-in-out"
            fill="currentColor"
            height="1em"
            stroke="currentColor"
            stroke-width="0"
            viewBox="0 0 24 24"
            width="1em"
            xmlns="http://www.w3.org/2000/svg"
          >
            <path
              d="M5.22 8.22a.749.749 0 0 0 0 1.06l6.25 6.25a.749.749 0 0 0 1.06 0l6.25-6.25a.749.749 0 1 0-1.06-1.06L12 13.939 6.28 8.22a.749.749 0 0 0-1.06 0Z"
            />
          </svg>
        </div>
      </button>
    </div>
  </div>,
  "debug": [Function],
  "findAllByAltText": [Function],
  "findAllByDisplayValue": [Function],
  "findAllByLabelText": [Function],
  "findAllByPlaceholderText": [Function],
  "findAllByRole": [Function],
  "findAllByTestId": [Function],
  "findAllByText": [Function],
  "findAllByTitle": [Function],
  "findByAltText": [Function],
  "findByDisplayValue": [Function],
  "findByLabelText": [Function],
  "findByPlaceholderText": [Function],
  "findByRole": [Function],
  "findByTestId": [Function],
  "findByText": [Function],
  "findByTitle": [Function],
  "getAllByAltText": [Function],
  "getAllByDisplayValue": [Function],
  "getAllByLabelText": [Function],
  "getAllByPlaceholderText": [Function],
  "getAllByRole": [Function],
  "getAllByTestId": [Function],
  "getAllByText": [Function],
  "getAllByTitle": [Function],
  "getByAltText": [Function],
  "getByDisplayValue": [Function],
  "getByLabelText": [Function],
  "getByPlaceholderText": [Function],
  "getByRole": [Function],
  "getByTestId": [Function],
  "getByText": [Function],
  "getByTitle": [Function],
  "queryAllByAltText": [Function],
  "queryAllByDisplayValue": [Function],
  "queryAllByLabelText": [Function],
  "queryAllByPlaceholderText": [Function],
  "queryAllByRole": [Function],
  "queryAllByTestId": [Function],
  "queryAllByText": [Function],
  "queryAllByTitle": [Function],
  "queryByAltText": [Function],
  "queryByDisplayValue": [Function],
  "queryByLabelText": [Function],
  "queryByPlaceholderText": [Function],
  "queryByRole": [Function],
  "queryByTestId": [Function],
  "queryByText": [Function],
  "queryByTitle": [Function],
  "rerender": [Function],
  "unmount": [Function],
}
`;
