// Jest Snapshot v1, https://goo.gl/fbAQLP

exports[`Input component renders the default Input 1`] = `
{
  "asFragment": [Function],
  "baseElement": <body>
    <div>
      <input
        class="p-4 border border-zinc-300 focus:outline focus:outline-zinc-300 rounded-lg w-full dark:border-gray-700 dark:focus:outline-gray-700 dark:focus:border-gray-700 disabled:cursor-not-allowed disabled:opacity-50 bg-zinc-50 text-zinc-700 dark:bg-zinc-800 dark:text-white"
        placeholder="Type here"
        type="text"
        value=""
      />
    </div>
  </body>,
  "container": <div>
    <input
      class="p-4 border border-zinc-300 focus:outline focus:outline-zinc-300 rounded-lg w-full dark:border-gray-700 dark:focus:outline-gray-700 dark:focus:border-gray-700 disabled:cursor-not-allowed disabled:opacity-50 bg-zinc-50 text-zinc-700 dark:bg-zinc-800 dark:text-white"
      placeholder="Type here"
      type="text"
      value=""
    />
  </div>,
  "debug": [Function],
  "findAllByAltText": [Function],
  "findAllByDisplayValue": [Function],
  "findAllByLabelText": [Function],
  "findAllByPlaceholderText": [Function],
  "findAllByRole": [Function],
  "findAllByTestId": [Function],
  "findAllByText": [Function],
  "findAllByTitle": [Function],
  "findByAltText": [Function],
  "findByDisplayValue": [Function],
  "findByLabelText": [Function],
  "findByPlaceholderText": [Function],
  "findByRole": [Function],
  "findByTestId": [Function],
  "findByText": [Function],
  "findByTitle": [Function],
  "getAllByAltText": [Function],
  "getAllByDisplayValue": [Function],
  "getAllByLabelText": [Function],
  "getAllByPlaceholderText": [Function],
  "getAllByRole": [Function],
  "getAllByTestId": [Function],
  "getAllByText": [Function],
  "getAllByTitle": [Function],
  "getByAltText": [Function],
  "getByDisplayValue": [Function],
  "getByLabelText": [Function],
  "getByPlaceholderText": [Function],
  "getByRole": [Function],
  "getByTestId": [Function],
  "getByText": [Function],
  "getByTitle": [Function],
  "queryAllByAltText": [Function],
  "queryAllByDisplayValue": [Function],
  "queryAllByLabelText": [Function],
  "queryAllByPlaceholderText": [Function],
  "queryAllByRole": [Function],
  "queryAllByTestId": [Function],
  "queryAllByText": [Function],
  "queryAllByTitle": [Function],
  "queryByAltText": [Function],
  "queryByDisplayValue": [Function],
  "queryByLabelText": [Function],
  "queryByPlaceholderText": [Function],
  "queryByRole": [Function],
  "queryByTestId": [Function],
  "queryByText": [Function],
  "queryByTitle": [Function],
  "rerender": [Function],
  "unmount": [Function],
}
`;
